// Jest Snapshot v1, https://goo.gl/fbAQLP

exports[`Applications list Snapshot 1`] = `
.c5 {
  border: none;
  cursor: pointer;
  color: #191918;
  background-color: transparent;
  text-transform: uppercase;
  font-weight: bold;
  padding: 8px;
  border-radius: calc(100 * 4px);
  font-size: 10px;
  -webkit-transition: all 0.3s ease;
  transition: all 0.3s ease;
  display: -webkit-box;
  display: -webkit-flex;
  display: -ms-flexbox;
  display: flex;
  gap: 4px;
  -webkit-box-pack: center;
  -webkit-justify-content: center;
  -ms-flex-pack: center;
  justify-content: center;
  -webkit-align-items: center;
  -webkit-box-align: center;
  -ms-flex-align: center;
  align-items: center;
}

.c5:hover {
  -webkit-transition: all 0.7s ease;
  transition: all 0.7s ease;
  color: #FFF;
  background-color: #191918;
}

.c5:hover svg {
  color: #FFF;
}

.c5:disabled {
  cursor: not-allowed;
  color: #CFCFC4;
  border-color: #CFCFC4;
}

.c5:disabled:hover {
  background-color: transparent;
}

.c14 {
  border: none;
  cursor: pointer;
  color: #FF805E;
  background-color: transparent;
  text-transform: uppercase;
  font-weight: bold;
  padding: 8px;
  border-radius: calc(100 * 4px);
  font-size: 10px;
  -webkit-transition: all 0.3s ease;
  transition: all 0.3s ease;
  display: -webkit-box;
  display: -webkit-flex;
  display: -ms-flexbox;
  display: flex;
  gap: 4px;
  -webkit-box-pack: center;
  -webkit-justify-content: center;
  -ms-flex-pack: center;
  justify-content: center;
  -webkit-align-items: center;
  -webkit-box-align: center;
  -ms-flex-align: center;
  align-items: center;
}

.c14:hover {
  -webkit-transition: all 0.7s ease;
  transition: all 0.7s ease;
  color: #FFF;
  background-color: #FF805E;
}

.c14:hover svg {
  color: #FFF;
}

.c14:disabled {
  cursor: not-allowed;
  color: #CFCFC4;
  border-color: #CFCFC4;
}

.c14:disabled:hover {
  background-color: transparent;
}

.c21 {
  border: 1px solid #191918;
  cursor: pointer;
  color: #191918;
  background-color: transparent;
  text-transform: uppercase;
  font-weight: bold;
  padding: 8px;
  border-radius: calc(100 * 4px);
  font-size: 10px;
  -webkit-transition: all 0.3s ease;
  transition: all 0.3s ease;
  display: -webkit-box;
  display: -webkit-flex;
  display: -ms-flexbox;
  display: flex;
  gap: 4px;
  -webkit-box-pack: center;
  -webkit-justify-content: center;
  -ms-flex-pack: center;
  justify-content: center;
  -webkit-align-items: center;
  -webkit-box-align: center;
  -ms-flex-align: center;
  align-items: center;
}

.c21:hover {
  -webkit-transition: all 0.7s ease;
  transition: all 0.7s ease;
  color: #FFF;
  background-color: #191918;
}

.c21:hover svg {
  color: #FFF;
}

.c21:disabled {
  cursor: not-allowed;
  color: #CFCFC4;
  border-color: #CFCFC4;
}

.c21:disabled:hover {
  background-color: transparent;
}

.c22 {
  border: 1px solid #B996FF;
  cursor: pointer;
  color: #B996FF;
  background-color: transparent;
  text-transform: uppercase;
  font-weight: bold;
  padding: 8px 16px;
  border-radius: calc(100 * 4px);
  font-size: 10px;
  -webkit-transition: all 0.3s ease;
  transition: all 0.3s ease;
  display: -webkit-box;
  display: -webkit-flex;
  display: -ms-flexbox;
  display: flex;
  gap: 4px;
  -webkit-box-pack: center;
  -webkit-justify-content: center;
  -ms-flex-pack: center;
  justify-content: center;
  -webkit-align-items: center;
  -webkit-box-align: center;
  -ms-flex-align: center;
  align-items: center;
}

.c22:hover {
  -webkit-transition: all 0.7s ease;
  transition: all 0.7s ease;
  color: #FFF;
  background-color: #B996FF;
}

.c22:hover svg {
  color: #FFF;
}

.c22:disabled {
  cursor: not-allowed;
  color: #CFCFC4;
  border-color: #CFCFC4;
}

.c22:disabled:hover {
  background-color: transparent;
}

.c43 {
  border: 1px solid #FFF;
  cursor: pointer;
  color: #FFF;
  background-color: transparent;
  text-transform: uppercase;
  font-weight: bold;
  padding: 8px 16px;
  border-radius: calc(100 * 4px);
  font-size: 10px;
  -webkit-transition: all 0.3s ease;
  transition: all 0.3s ease;
  display: -webkit-box;
  display: -webkit-flex;
  display: -ms-flexbox;
  display: flex;
  gap: 4px;
  -webkit-box-pack: center;
  -webkit-justify-content: center;
  -ms-flex-pack: center;
  justify-content: center;
  -webkit-align-items: center;
  -webkit-box-align: center;
  -ms-flex-align: center;
  align-items: center;
}

.c43:hover {
  -webkit-transition: all 0.7s ease;
  transition: all 0.7s ease;
  color: #191918;
  background-color: #FFF;
}

.c43:hover svg {
  color: #191918;
}

.c43:disabled {
  cursor: not-allowed;
  color: #CFCFC4;
  border-color: #CFCFC4;
}

.c43:disabled:hover {
  background-color: transparent;
}

.c17 {
  display: -webkit-box;
  display: -webkit-flex;
  display: -ms-flexbox;
  display: flex;
  -webkit-flex-direction: column;
  -ms-flex-direction: column;
  flex-direction: column;
  position: relative;
}

.c19 {
  position: absolute;
  right: 0px;
  height: 100%;
  display: -webkit-box;
  display: -webkit-flex;
  display: -ms-flexbox;
  display: flex;
  -webkit-align-items: center;
  -webkit-box-align: center;
  -ms-flex-align: center;
  align-items: center;
  -webkit-box-pack: center;
  -webkit-justify-content: center;
  -ms-flex-pack: center;
  justify-content: center;
  padding: 0px 8px 0px;
}

.c18 {
  width: 100%;
  padding: 12px 8px;
  color: #464643;
  border-radius: 4px;
  border: 1px solid #191918;
}

.c18::-webkit-input-placeholder {
  color: #A0A098;
}

.c18::-moz-placeholder {
  color: #A0A098;
}

.c18:-ms-input-placeholder {
  color: #A0A098;
}

.c18::placeholder {
  color: #A0A098;
}

.c18:invalid {
  border-color: #FF4242;
}

.c18:focus {
  outline: none;
  box-shadow: 0 1px 2px rgb(60 64 67 / 30%),0 1px 3px rgb(60 64 67 / 15%);
}

.c6 {
  border-radius: 4px;
  box-shadow: 0 1px 2px rgb(60 64 67 / 30%),0 1px 3px rgb(60 64 67 / 15%);
  padding: 16px;
}

.c4 {
  font-size: 0.875rem;
  line-height: 1.125rem;
  font-family: Inter;
  font-weight: 900;
  color: #464643;
}

.c11 {
  font-size: 1rem;
  line-height: 1.25rem;
  font-family: Inter;
  font-weight: 400;
  color: #464643;
}

.c12 {
  font-size: 1rem;
  line-height: 1.25rem;
  font-family: Inter;
  font-weight: 900;
  color: #464643;
}

.c41 {
  position: absolute;
  z-index: 100;
  top: 10vh;
  right: -100%;
  border-radius: 4px 0px 0px 4px;
  background-color: #04CF00;
  padding: 16px 64px 16px 16px;
  color: white;
  -webkit-transition: all 0.6s ease;
  transition: all 0.6s ease;
  overflow: hidden;
  display: -webkit-box;
  display: -webkit-flex;
  display: -ms-flexbox;
  display: flex;
  -webkit-align-items: center;
  -webkit-box-align: center;
  -ms-flex-align: center;
  align-items: center;
}

.c42 {
  margin-right: 16px;
}

.c44 {
  padding: 4px;
  margin-left: 16px;
}

.c9 {
  padding: 4px;
  border-radius: calc(100 * 4px);
  display: -webkit-box;
  display: -webkit-flex;
  display: -ms-flexbox;
  display: flex;
  -webkit-align-items: center;
  -webkit-box-align: center;
  -ms-flex-align: center;
  align-items: center;
  -webkit-box-pack: center;
  -webkit-justify-content: center;
  -ms-flex-pack: center;
  justify-content: center;
  max-width: -webkit-fit-content;
  max-width: -moz-fit-content;
  max-width: fit-content;
  border: 1px solid #191918;
}

.c27 {
  width: 100%;
  border-collapse: collapse;
  font-size: 0.75rem;
}

.c32:nth-of-type(even) {
  background-color: #CFCFC4;
}

.c31 {
  color: #FFF;
  background-color: #464643;
  text-transform: uppercase;
}

.c33 {
  text-align: left;
  padding: 8px;
}

.c34 {
  padding: 8px;
}

.c28 {
  width: 15%;
}

.c29 {
  width: 10%;
}

.c30 {
  width: 25%;
}

.c37 {
  color: #73736E;
  border-radius: 4px;
  border-color: #73736E;
  border-width: 1px;
  border-style: solid;
  width: 160px;
  height: 43px;
  padding: 8px 12px 8px 4px;
}

.c37::-webkit-input-placeholder,
.c37::-webkit-input-placeholder {
  color: #73736E;
}

.c37::-moz-placeholder,
.c37::-webkit-input-placeholder {
  color: #73736E;
}

.c37:-ms-input-placeholder,
.c37::-webkit-input-placeholder {
  color: #73736E;
}

.c37::placeholder,
.c37::-webkit-input-placeholder {
  color: #73736E;
}

.c37:-ms-input-placeholder {
  color: #73736E;
}

.c39 {
  color: #73736E;
}

.c39:hover {
  color: #191918;
  background-color: initial;
}

.c40 {
  color: #191918;
  font-weight: bold;
}

.c40:hover {
  color: #191918;
  background-color: initial;
}

.c35 {
  display: -webkit-box;
  display: -webkit-flex;
  display: -ms-flexbox;
  display: flex;
  -webkit-flex: auto;
  -ms-flex: auto;
  flex: auto;
  -webkit-box-pack: justify;
  -webkit-justify-content: space-between;
  -ms-flex-pack: justify;
  justify-content: space-between;
  -webkit-align-items: baseline;
  -webkit-box-align: baseline;
  -ms-flex-align: baseline;
  align-items: baseline;
  margin-top: 16px;
  gap: 4px;
}

.c38 {
  display: none;
}

.c36 {
  margin: 0px;
}

.c36 select {
  max-width: -webkit-fit-content;
  max-width: -moz-fit-content;
  max-width: fit-content;
}

.c2 {
  width: 100%;
  background-color: #CFCFC4;
  padding: 16px 20px;
  -webkit-transition: all 0.4s ease-in-out;
  transition: all 0.4s ease-in-out;
  display: -webkit-box;
  display: -webkit-flex;
  display: -ms-flexbox;
  display: flex;
  -webkit-align-items: center;
  -webkit-box-align: center;
  -ms-flex-align: center;
  align-items: center;
  -webkit-box-pack: end;
  -webkit-justify-content: flex-end;
  -ms-flex-pack: end;
  justify-content: flex-end;
  position: relative;
}

.c3 {
  display: -webkit-box;
  display: -webkit-flex;
  display: -ms-flexbox;
  display: flex;
  -webkit-align-items: center;
  -webkit-box-align: center;
  -ms-flex-align: center;
  align-items: center;
  -webkit-box-pack: end;
  -webkit-justify-content: flex-end;
  -ms-flex-pack: end;
  justify-content: flex-end;
  gap: 8px;
}

.c7 {
  padding: 0px;
  display: -webkit-box;
  display: -webkit-flex;
  display: -ms-flexbox;
  display: flex;
  -webkit-flex-direction: column;
  -ms-flex-direction: column;
  flex-direction: column;
  -webkit-align-items: flex-end;
  -webkit-box-align: flex-end;
  -ms-flex-align: flex-end;
  align-items: flex-end;
  position: absolute;
  -webkit-transition: all 1s ease;
  transition: all 1s ease;
  z-index: 2;
  top: 0;
  visibility: hidden;
  opacity: 0;
  background-color: #FFF;
  border: 1px solid #B996FF;
}

.c8 {
  display: -webkit-box;
  display: -webkit-flex;
  display: -ms-flexbox;
  display: flex;
  -webkit-align-items: center;
  -webkit-box-align: center;
  -ms-flex-align: center;
  align-items: center;
  gap: 8px;
  padding: 16px;
  width: 100%;
}

.c8:first-of-type {
  border-bottom: 1px solid #CFCFC4;
}

.c10 {
  display: -webkit-box;
  display: -webkit-flex;
  display: -ms-flexbox;
  display: flex;
  -webkit-flex-direction: column;
  -ms-flex-direction: column;
  flex-direction: column;
  width: 100%;
}

.c13 {
  font-size: 12px;
}

.c1 {
  width: 100%;
  height: 100vh;
  overflow: hidden;
}

.c15 {
  padding: 48px 20px 64px;
}

.c0 {
  width: 100vw;
  height: 100vh;
  overflow: hidden;
  position: relative;
}

.c26 {
  color: #464643;
  border-radius: 4px;
  border: 1px solid #191918;
  padding: 8px 12px 8px 4px;
}

.c16 {
  display: -webkit-box;
  display: -webkit-flex;
  display: -ms-flexbox;
  display: flex;
  -webkit-box-pack: justify;
  -webkit-justify-content: space-between;
  -ms-flex-pack: justify;
  justify-content: space-between;
  -webkit-align-items: center;
  -webkit-box-align: center;
  -ms-flex-align: center;
  align-items: center;
  margin: 16px 0px;
}

.c24 {
  display: -webkit-box;
  display: -webkit-flex;
  display: -ms-flexbox;
  display: flex;
  -webkit-flex-direction: column;
  -ms-flex-direction: column;
  flex-direction: column;
  gap: 4px;
}

.c25 {
  font-size: 12px;
  font-weight: bold;
}

.c20 {
  display: -webkit-box;
  display: -webkit-flex;
  display: -ms-flexbox;
  display: flex;
  -webkit-align-items: center;
  -webkit-box-align: center;
  -ms-flex-align: center;
  align-items: center;
  gap: 12px;
}

.c23 {
  display: none;
  gap: 16px;
  margin-bottom: 16px;
}

@media (min-width:768px) {
  .c2 {
    padding-left: 64px;
    padding-right: 64px;
  }
}

@media (min-width:1024px) {
  .c2 {
    padding-left: 48px;
    padding-right: 80px;
  }
}

@media (min-width:768px) {
  .c15 {
    padding-left: 64px;
    padding-right: 64px;
  }
}

@media (min-width:1024px) {
  .c15 {
    padding-left: 75px;
    padding-right: 75px;
    overflow: scroll;
    height: 100%;
  }

  .c15::-webkit-scrollbar {
    width: 8px;
  }

  .c15::-webkit-scrollbar-track {
    background: 'transparent';
  }

  .c15::-webkit-scrollbar-thumb {
    border-radius: calc(100 * 4px);
    background: #464643;
  }

  .c15::-webkit-scrollbar-thumb:hover {
    background: #191918;
  }
}

<section
  className="c0"
>
  <div
    className="c1 "
  >
    <div />
    <header
      className="c2"
    >
      <section
        className="c3"
      >
        <svg
          className=""
          color="#191918"
          fill="currentColor"
          height="12px"
          stroke="currentColor"
          strokeWidth="0"
          style={
            Object {
              "color": "#191918",
            }
          }
          viewBox="0 0 24 24"
          width="12px"
          xmlns="http://www.w3.org/2000/svg"
        >
          <path
            d="M12 2A10.13 10.13 0 0 0 2 12a10 10 0 0 0 4 7.92V20h.1a9.7 9.7 0 0 0 11.8 0h.1v-.08A10 10 0 0 0 22 12 10.13 10.13 0 0 0 12 2zM8.07 18.93A3 3 0 0 1 11 16.57h2a3 3 0 0 1 2.93 2.36 7.75 7.75 0 0 1-7.86 0zm9.54-1.29A5 5 0 0 0 13 14.57h-2a5 5 0 0 0-4.61 3.07A8 8 0 0 1 4 12a8.1 8.1 0 0 1 8-8 8.1 8.1 0 0 1 8 8 8 8 0 0 1-2.39 5.64z"
          />
          <path
            d="M12 6a3.91 3.91 0 0 0-4 4 3.91 3.91 0 0 0 4 4 3.91 3.91 0 0 0 4-4 3.91 3.91 0 0 0-4-4zm0 6a1.91 1.91 0 0 1-2-2 1.91 1.91 0 0 1 2-2 1.91 1.91 0 0 1 2 2 1.91 1.91 0 0 1-2 2z"
          />
        </svg>
        <p
          className="c4"
          size="small"
        >
          Olá, 
        </p>
        <button
          className="c5 "
          onClick={[Function]}
        >
          <svg
            fill="currentColor"
            height="1em"
            stroke="currentColor"
            strokeWidth="0"
            style={
              Object {
                "color": undefined,
              }
            }
            viewBox="0 0 24 24"
            width="1em"
            xmlns="http://www.w3.org/2000/svg"
          >
            <path
              d="M16.293 9.293 12 13.586 7.707 9.293l-1.414 1.414L12 16.414l5.707-5.707z"
            />
          </svg>
        </button>
      </section>
      <div
        className="c6 c7"
      >
        <div
          className="c8"
        >
          <div
            className="c9 "
          >
            <svg
              className=""
              color="#191918"
              fill="currentColor"
              height="12px"
              stroke="currentColor"
              strokeWidth="0"
              style={
                Object {
                  "color": "#191918",
                }
              }
              viewBox="0 0 24 24"
              width="12px"
              xmlns="http://www.w3.org/2000/svg"
            >
              <path
                d="M12 2a5 5 0 1 0 5 5 5 5 0 0 0-5-5zm0 8a3 3 0 1 1 3-3 3 3 0 0 1-3 3zm9 11v-1a7 7 0 0 0-7-7h-4a7 7 0 0 0-7 7v1h2v-1a5 5 0 0 1 5-5h4a5 5 0 0 1 5 5v1z"
              />
            </svg>
          </div>
          <div
            className="c10"
          >
            <p
              className="c11"
            >
              Companhia:
               
            </p>
            <p
              className="c12 c13"
            >
              Perfil: 
              NONE
            </p>
          </div>
        </div>
        <div
          className="c8"
          style={
            Object {
              "justifyContent": "space-between",
            }
          }
        >
          <button
            className="c14 "
            onClick={[Function]}
          >
            Sair
          </button>
        </div>
      </div>
    </header>
    <div
      className="c15"
    >
      <h2
        className=""
      >
        Relatório de envios
      </h2>
      <section
        className="c16"
      >
        <div
          className="c17"
        >
          <input
            className="c18 "
            id="search"
            name="search"
            onChange={[Function]}
            placeholder="Pesquisar"
          />
          <div
            className="c19"
          >
            <svg
              className=""
              color="#191918"
              fill="currentColor"
              height="16px"
              stroke="currentColor"
              strokeWidth="0"
              style={
                Object {
                  "color": "#191918",
                }
              }
              viewBox="0 0 24 24"
              width="16px"
              xmlns="http://www.w3.org/2000/svg"
            >
              <path
                d="M10 18a7.952 7.952 0 0 0 4.897-1.688l4.396 4.396 1.414-1.414-4.396-4.396A7.952 7.952 0 0 0 18 10c0-4.411-3.589-8-8-8s-8 3.589-8 8 3.589 8 8 8zm0-14c3.309 0 6 2.691 6 6s-2.691 6-6 6-6-2.691-6-6 2.691-6 6-6z"
              />
            </svg>
          </div>
        </div>
        <section
          className="c20"
        >
          <button
            className="c21"
            onClick={[Function]}
          >
            <svg
              className=""
              fill="currentColor"
              height="1em"
              stroke="currentColor"
              strokeWidth="0"
              style={
                Object {
                  "color": undefined,
                }
              }
              viewBox="0 0 24 24"
              width="1em"
              xmlns="http://www.w3.org/2000/svg"
            >
              <path
                d="M21 3H5a1 1 0 0 0-1 1v2.59c0 .523.213 1.037.583 1.407L10 13.414V21a1.001 1.001 0 0 0 1.447.895l4-2c.339-.17.553-.516.553-.895v-5.586l5.417-5.417c.37-.37.583-.884.583-1.407V4a1 1 0 0 0-1-1zm-6.707 9.293A.996.996 0 0 0 14 13v5.382l-2 1V13a.996.996 0 0 0-.293-.707L6 6.59V5h14.001l.002 1.583-5.71 5.71z"
              />
            </svg>
          </button>
          <a
            className="c22"
            download="modelo_relatorio.csv"
            href="/inf8/modelo/cp-unix_time_stamp.csv"
          >
            Download do modelo 
            <svg
              className=""
              fill="currentColor"
              height="1em"
              stroke="currentColor"
              strokeWidth="0"
              style={
                Object {
                  "color": undefined,
                }
              }
              viewBox="0 0 24 24"
              width="1em"
              xmlns="http://www.w3.org/2000/svg"
            >
              <path
                d="m12 16 4-5h-3V4h-2v7H8z"
              />
              <path
                d="M20 18H4v-7H2v7c0 1.103.897 2 2 2h16c1.103 0 2-.897 2-2v-7h-2v7z"
              />
            </svg>
          </a>
        </section>
      </section>
      <section
        className="c23"
      >
        <div
          className="c24"
        >
          <label
            className="c25"
          >
            Status
          </label>
          <select
            className="c26"
            defaultValue=""
            id="fileStatusSelect"
            name="fileStatusSelect"
            onChange={[Function]}
          >
            <option
              className=""
              value=""
            >
              Selecione um status
            </option>
            <option
              className=""
              value="Enviado"
            >
              Enviado
            </option>
            <option
              className=""
              value="Erro no envio"
            >
              Erro no envio
            </option>
            <option
              className=""
              value="Arquivo invalido"
            >
              Arquivo inválido
            </option>
          </select>
        </div>
      </section>
      <table
        className="c27 "
      >
        <colgroup
          className=""
        >
          <col
            className="c28"
            size="15%"
            span={1}
          />
          <col
            className="c28"
            size="15%"
            span={1}
          />
          <col
            className="c29"
            size="10%"
            span={1}
          />
          <col
            className="c29"
            size="10%"
            span={1}
          />
          <col
            className="c29"
            size="10%"
            span={1}
          />
          <col
            className="c28"
            size="15%"
            span={1}
          />
          <col
            className="c30"
            size="25%"
            span={1}
          />
        </colgroup>
        <thead
          className="c31"
        >
          <tr
            className="c32"
          >
            <th
              className="c33"
            >
              Nome
            </th>
            <th
              className="c33"
            >
              Renome
            </th>
            <th
              className="c33"
            >
              Data
            </th>
            <th
              className="c33"
            >
              Tamanho
            </th>
            <th
              className="c33"
            >
              ONTs
            </th>
            <th
              className="c33"
            >
              Responsável
            </th>
            <th
              className="c33"
            >
              Status
            </th>
          </tr>
        </thead>
        <tbody
          className=""
        >
          <tr
            className="c32"
          >
            <td
              className="c34"
            >
              Sem resultados
            </td>
          </tr>
        </tbody>
      </table>
      <div
        className="c35 "
      >
        <div
          className="c36"
        >
          <select
            className="c37"
            defaultValue={12}
            onChange={[Function]}
          >
            <option
              className=""
              value={12}
            >
              12
            </option>
            <option
              className=""
              value={24}
            >
              24
            </option>
            <option
              className=""
              value={36}
            >
              36
            </option>
          </select>
           items por pág.
        </div>
        <span
          className="c38"
        >
          <button
            className="c5 c39"
            disabled={true}
            onClick={[Function]}
          >
            &lt;&lt;
          </button>
          <button
            className="c5 c39"
            disabled={true}
            onClick={[Function]}
          >
            &lt;
          </button>
          <button
            className="c5 c40"
            onClick={[Function]}
          >
            1
          </button>
          <button
            className="c5 c39"
            disabled={true}
            onClick={[Function]}
          >
            &gt;
          </button>
          <button
            className="c5 c39"
            disabled={false}
            onClick={[Function]}
          >
            &gt;&gt;
          </button>
        </span>
      </div>
      <div
        className="c41 "
      >
        <span
          className="c42"
        >
          <svg
            fill="currentColor"
            height="1em"
            stroke="currentColor"
            strokeWidth="0"
            style={
              Object {
                "color": undefined,
              }
            }
            viewBox="0 0 24 24"
            width="1em"
            xmlns="http://www.w3.org/2000/svg"
          >
            <path
              d="M20 8h-5.612l1.123-3.367c.202-.608.1-1.282-.275-1.802S14.253 2 13.612 2H12c-.297 0-.578.132-.769.36L6.531 8H4c-1.103 0-2 .897-2 2v9c0 1.103.897 2 2 2h13.307a2.01 2.01 0 0 0 1.873-1.298l2.757-7.351A1 1 0 0 0 22 12v-2c0-1.103-.897-2-2-2zM4 10h2v9H4v-9zm16 1.819L17.307 19H8V9.362L12.468 4h1.146l-1.562 4.683A.998.998 0 0 0 13 10h7v1.819z"
            />
          </svg>
        </span>
        Bem-vindo ao Portal APIM da V.tal
        <button
          className="c43 c44"
          onClick={[Function]}
        >
          <svg
            fill="currentColor"
            height="12px"
            stroke="currentColor"
            strokeWidth="0"
            style={
              Object {
                "color": undefined,
              }
            }
            viewBox="0 0 24 24"
            width="12px"
            xmlns="http://www.w3.org/2000/svg"
          >
            <path
              d="m16.192 6.344-4.243 4.242-4.242-4.242-1.414 1.414L10.535 12l-4.242 4.242 1.414 1.414 4.242-4.242 4.243 4.242 1.414-1.414L13.364 12l4.242-4.242z"
            />
          </svg>
        </button>
      </div>
    </div>
  </div>
</section>
`;
